---
source: influxdb_influxql_parser/src/visit.rs
expression: "visit_statement!(\"SHOW TAG KEYS\")"
---
- pre_visit_statement
- pre_visit_show_tag_keys_statement
- post_visit_show_tag_keys_statement
- post_visit_statement

