---
source: influxdb_influxql_parser/src/visit_mut.rs
expression: "visit_statement!(\"DELETE FROM /^cpu/\")"
---
- "pre_visit_statement: Delete(FromWhere { from: OneOrMore { contents: [Regex(Regex(\"^cpu\"))] }, condition: None })"
- "pre_visit_delete_statement: FromWhere { from: OneOrMore { contents: [Regex(Regex(\"^cpu\"))] }, condition: None }"
- "pre_visit_delete_from: OneOrMore { contents: [Regex(Regex(\"^cpu\"))] }"
- "pre_visit_measurement_name: Regex(Regex(\"^cpu\"))"
- "post_visit_measurement_name: Regex(Regex(\"^cpu\"))"
- "post_visit_delete_from: OneOrMore { contents: [Regex(Regex(\"^cpu\"))] }"
- "post_visit_delete_statement: FromWhere { from: OneOrMore { contents: [Regex(Regex(\"^cpu\"))] }, condition: None }"
- "post_visit_statement: Delete(FromWhere { from: OneOrMore { contents: [Regex(Regex(\"^cpu\"))] }, condition: None })"

