---
source: influxdb_influxql_parser/src/visit_mut.rs
expression: "visit_statement!(\"DELETE FROM a WHERE b = \\\"c\\\"\")"
---
- "pre_visit_statement: Delete(FromWhere { from: OneOrMore { contents: [Name(Identifier(\"a\"))] }, condition: Some(WhereClause(Binary { lhs: Expr(VarRef { name: Identifier(\"b\"), data_type: None }), op: Eq, rhs: Expr(VarRef { name: Identifier(\"c\"), data_type: None }) })) })"
- "pre_visit_delete_statement: FromWhere { from: OneOrMore { contents: [Name(Identifier(\"a\"))] }, condition: Some(WhereClause(Binary { lhs: Expr(VarRef { name: Identifier(\"b\"), data_type: None }), op: Eq, rhs: Expr(VarRef { name: Identifier(\"c\"), data_type: None }) })) }"
- "pre_visit_delete_from: OneOrMore { contents: [Name(Identifier(\"a\"))] }"
- "pre_visit_measurement_name: Name(Identifier(\"a\"))"
- "post_visit_measurement_name: Name(Identifier(\"a\"))"
- "post_visit_delete_from: OneOrMore { contents: [Name(Identifier(\"a\"))] }"
- "pre_visit_where_clause: WhereClause(Binary { lhs: Expr(VarRef { name: Identifier(\"b\"), data_type: None }), op: Eq, rhs: Expr(VarRef { name: Identifier(\"c\"), data_type: None }) })"
- "pre_visit_conditional_expression: Binary { lhs: Expr(VarRef { name: Identifier(\"b\"), data_type: None }), op: Eq, rhs: Expr(VarRef { name: Identifier(\"c\"), data_type: None }) }"
- "pre_visit_conditional_expression: Expr(VarRef { name: Identifier(\"b\"), data_type: None })"
- "pre_visit_expr: VarRef { name: Identifier(\"b\"), data_type: None }"
- "post_visit_expr: VarRef { name: Identifier(\"b\"), data_type: None }"
- "post_visit_conditional_expression: Expr(VarRef { name: Identifier(\"b\"), data_type: None })"
- "pre_visit_conditional_expression: Expr(VarRef { name: Identifier(\"c\"), data_type: None })"
- "pre_visit_expr: VarRef { name: Identifier(\"c\"), data_type: None }"
- "post_visit_expr: VarRef { name: Identifier(\"c\"), data_type: None }"
- "post_visit_conditional_expression: Expr(VarRef { name: Identifier(\"c\"), data_type: None })"
- "post_visit_conditional_expression: Binary { lhs: Expr(VarRef { name: Identifier(\"b\"), data_type: None }), op: Eq, rhs: Expr(VarRef { name: Identifier(\"c\"), data_type: None }) }"
- "post_visit_where_clause: WhereClause(Binary { lhs: Expr(VarRef { name: Identifier(\"b\"), data_type: None }), op: Eq, rhs: Expr(VarRef { name: Identifier(\"c\"), data_type: None }) })"
- "post_visit_delete_statement: FromWhere { from: OneOrMore { contents: [Name(Identifier(\"a\"))] }, condition: Some(WhereClause(Binary { lhs: Expr(VarRef { name: Identifier(\"b\"), data_type: None }), op: Eq, rhs: Expr(VarRef { name: Identifier(\"c\"), data_type: None }) })) }"
- "post_visit_statement: Delete(FromWhere { from: OneOrMore { contents: [Name(Identifier(\"a\"))] }, condition: Some(WhereClause(Binary { lhs: Expr(VarRef { name: Identifier(\"b\"), data_type: None }), op: Eq, rhs: Expr(VarRef { name: Identifier(\"c\"), data_type: None }) })) })"

