---
source: influxdb_influxql_parser/src/visit_mut.rs
expression: "visit_statement!(\"EXPLAIN SELECT * FROM cpu\")"
---
- "pre_visit_statement: Explain(ExplainStatement { options: None, select: SelectStatement { fields: ZeroOrMore { contents: [Field { expr: Wildcard(None), alias: None }] }, from: ZeroOrMore { contents: [Name(QualifiedMeasurementName { database: None, retention_policy: None, name: Name(Identifier(\"cpu\")) })] }, condition: None, group_by: None, fill: None, order_by: None, limit: None, offset: None, series_limit: None, series_offset: None, timezone: None } })"
- "pre_visit_explain_statement: ExplainStatement { options: None, select: SelectStatement { fields: ZeroOrMore { contents: [Field { expr: Wildcard(None), alias: None }] }, from: ZeroOrMore { contents: [Name(QualifiedMeasurementName { database: None, retention_policy: None, name: Name(Identifier(\"cpu\")) })] }, condition: None, group_by: None, fill: None, order_by: None, limit: None, offset: None, series_limit: None, series_offset: None, timezone: None } }"
- "pre_visit_select_statement: SelectStatement { fields: ZeroOrMore { contents: [Field { expr: Wildcard(None), alias: None }] }, from: ZeroOrMore { contents: [Name(QualifiedMeasurementName { database: None, retention_policy: None, name: Name(Identifier(\"cpu\")) })] }, condition: None, group_by: None, fill: None, order_by: None, limit: None, offset: None, series_limit: None, series_offset: None, timezone: None }"
- "pre_visit_select_field_list: ZeroOrMore { contents: [Field { expr: Wildcard(None), alias: None }] }"
- "pre_visit_select_field: Field { expr: Wildcard(None), alias: None }"
- "pre_visit_expr: Wildcard(None)"
- "post_visit_expr: Wildcard(None)"
- "post_visit_select_field: Field { expr: Wildcard(None), alias: None }"
- "post_visit_select_field_list: ZeroOrMore { contents: [Field { expr: Wildcard(None), alias: None }] }"
- "pre_visit_select_from_clause: ZeroOrMore { contents: [Name(QualifiedMeasurementName { database: None, retention_policy: None, name: Name(Identifier(\"cpu\")) })] }"
- "pre_visit_select_measurement_selection: Name(QualifiedMeasurementName { database: None, retention_policy: None, name: Name(Identifier(\"cpu\")) })"
- "pre_visit_qualified_measurement_name: QualifiedMeasurementName { database: None, retention_policy: None, name: Name(Identifier(\"cpu\")) }"
- "pre_visit_measurement_name: Name(Identifier(\"cpu\"))"
- "post_visit_measurement_name: Name(Identifier(\"cpu\"))"
- "post_visit_qualified_measurement_name: QualifiedMeasurementName { database: None, retention_policy: None, name: Name(Identifier(\"cpu\")) }"
- "post_visit_select_measurement_selection: Name(QualifiedMeasurementName { database: None, retention_policy: None, name: Name(Identifier(\"cpu\")) })"
- "post_visit_select_from_clause: ZeroOrMore { contents: [Name(QualifiedMeasurementName { database: None, retention_policy: None, name: Name(Identifier(\"cpu\")) })] }"
- "post_visit_select_statement: SelectStatement { fields: ZeroOrMore { contents: [Field { expr: Wildcard(None), alias: None }] }, from: ZeroOrMore { contents: [Name(QualifiedMeasurementName { database: None, retention_policy: None, name: Name(Identifier(\"cpu\")) })] }, condition: None, group_by: None, fill: None, order_by: None, limit: None, offset: None, series_limit: None, series_offset: None, timezone: None }"
- "post_visit_explain_statement: ExplainStatement { options: None, select: SelectStatement { fields: ZeroOrMore { contents: [Field { expr: Wildcard(None), alias: None }] }, from: ZeroOrMore { contents: [Name(QualifiedMeasurementName { database: None, retention_policy: None, name: Name(Identifier(\"cpu\")) })] }, condition: None, group_by: None, fill: None, order_by: None, limit: None, offset: None, series_limit: None, series_offset: None, timezone: None } }"
- "post_visit_statement: Explain(ExplainStatement { options: None, select: SelectStatement { fields: ZeroOrMore { contents: [Field { expr: Wildcard(None), alias: None }] }, from: ZeroOrMore { contents: [Name(QualifiedMeasurementName { database: None, retention_policy: None, name: Name(Identifier(\"cpu\")) })] }, condition: None, group_by: None, fill: None, order_by: None, limit: None, offset: None, series_limit: None, series_offset: None, timezone: None } })"

