---
source: influxdb_influxql_parser/src/visit.rs
expression: "visit_statement!(\"SHOW FIELD KEYS\")"
---
- "pre_visit_statement: ShowFieldKeys(ShowFieldKeysStatement { database: None, from: None, limit: None, offset: None })"
- "pre_visit_show_field_keys_statement: ShowFieldKeysStatement { database: None, from: None, limit: None, offset: None }"
- "post_visit_show_field_keys_statement: ShowFieldKeysStatement { database: None, from: None, limit: None, offset: None }"
- "post_visit_statement: ShowFieldKeys(ShowFieldKeysStatement { database: None, from: None, limit: None, offset: None })"

