---
source: influxdb_influxql_parser/src/visit_mut.rs
expression: "visit_statement!(\"SHOW FIELD KEYS FROM cpu\")"
---
- "pre_visit_statement: ShowFieldKeys(ShowFieldKeysStatement { database: None, from: Some(OneOrMore { contents: [QualifiedMeasurementName { database: None, retention_policy: None, name: Name(Identifier(\"cpu\")) }] }), limit: None, offset: None })"
- "pre_visit_show_field_keys_statement: ShowFieldKeysStatement { database: None, from: Some(OneOrMore { contents: [QualifiedMeasurementName { database: None, retention_policy: None, name: Name(Identifier(\"cpu\")) }] }), limit: None, offset: None }"
- "pre_visit_show_from_clause: OneOrMore { contents: [QualifiedMeasurementName { database: None, retention_policy: None, name: Name(Identifier(\"cpu\")) }] }"
- "pre_visit_qualified_measurement_name: QualifiedMeasurementName { database: None, retention_policy: None, name: Name(Identifier(\"cpu\")) }"
- "pre_visit_measurement_name: Name(Identifier(\"cpu\"))"
- "post_visit_measurement_name: Name(Identifier(\"cpu\"))"
- "post_visit_qualified_measurement_name: QualifiedMeasurementName { database: None, retention_policy: None, name: Name(Identifier(\"cpu\")) }"
- "post_visit_show_from_clause: OneOrMore { contents: [QualifiedMeasurementName { database: None, retention_policy: None, name: Name(Identifier(\"cpu\")) }] }"
- "post_visit_show_field_keys_statement: ShowFieldKeysStatement { database: None, from: Some(OneOrMore { contents: [QualifiedMeasurementName { database: None, retention_policy: None, name: Name(Identifier(\"cpu\")) }] }), limit: None, offset: None }"
- "post_visit_statement: ShowFieldKeys(ShowFieldKeysStatement { database: None, from: Some(OneOrMore { contents: [QualifiedMeasurementName { database: None, retention_policy: None, name: Name(Identifier(\"cpu\")) }] }), limit: None, offset: None })"

