---
source: influxdb_influxql_parser/src/visit.rs
expression: "visit_statement!(\"SHOW MEASUREMENTS\")"
---
- "pre_visit_statement: ShowMeasurements(ShowMeasurementsStatement { on: None, with_measurement: None, condition: None, limit: None, offset: None })"
- "pre_visit_show_measurements_statement: ShowMeasurementsStatement { on: None, with_measurement: None, condition: None, limit: None, offset: None }"
- "post_visit_show_measurements_statement: ShowMeasurementsStatement { on: None, with_measurement: None, condition: None, limit: None, offset: None }"
- "post_visit_statement: ShowMeasurements(ShowMeasurementsStatement { on: None, with_measurement: None, condition: None, limit: None, offset: None })"

