---
source: influxdb_influxql_parser/src/visit.rs
expression: "visit_statement!(\"SHOW RETENTION POLICIES\")"
---
- pre_visit_statement
- pre_visit_show_retention_policies_statement
- post_visit_show_retention_policies_statement
- post_visit_statement

