---
source: influxdb_influxql_parser/src/visit.rs
expression: "visit_statement!(\"SHOW TAG KEYS ON telegraf FROM cpu WHERE host = \\\"west\\\" LIMIT 5 OFFSET 10\")"
---
- "pre_visit_statement: ShowTagKeys(ShowTagKeysStatement { database: Some(OnClause(Identifier(\"telegraf\"))), from: Some(OneOrMore { contents: [QualifiedMeasurementName { database: None, retention_policy: None, name: Name(Identifier(\"cpu\")) }] }), condition: Some(WhereClause(Binary { lhs: Expr(VarRef { name: Identifier(\"host\"), data_type: None }), op: Eq, rhs: Expr(VarRef { name: Identifier(\"west\"), data_type: None }) })), limit: Some(LimitClause(5)), offset: Some(OffsetClause(10)) })"
- "pre_visit_show_tag_keys_statement: ShowTagKeysStatement { database: Some(OnClause(Identifier(\"telegraf\"))), from: Some(OneOrMore { contents: [QualifiedMeasurementName { database: None, retention_policy: None, name: Name(Identifier(\"cpu\")) }] }), condition: Some(WhereClause(Binary { lhs: Expr(VarRef { name: Identifier(\"host\"), data_type: None }), op: Eq, rhs: Expr(VarRef { name: Identifier(\"west\"), data_type: None }) })), limit: Some(LimitClause(5)), offset: Some(OffsetClause(10)) }"
- "pre_visit_on_clause: OnClause(Identifier(\"telegraf\"))"
- "pre_visit_on_clause: OnClause(Identifier(\"telegraf\"))"
- "pre_visit_show_from_clause: OneOrMore { contents: [QualifiedMeasurementName { database: None, retention_policy: None, name: Name(Identifier(\"cpu\")) }] }"
- "pre_visit_qualified_measurement_name: QualifiedMeasurementName { database: None, retention_policy: None, name: Name(Identifier(\"cpu\")) }"
- "pre_visit_measurement_name: Name(Identifier(\"cpu\"))"
- "post_visit_measurement_name: Name(Identifier(\"cpu\"))"
- "post_visit_qualified_measurement_name: QualifiedMeasurementName { database: None, retention_policy: None, name: Name(Identifier(\"cpu\")) }"
- "post_visit_show_from_clause: OneOrMore { contents: [QualifiedMeasurementName { database: None, retention_policy: None, name: Name(Identifier(\"cpu\")) }] }"
- "pre_visit_where_clause: WhereClause(Binary { lhs: Expr(VarRef { name: Identifier(\"host\"), data_type: None }), op: Eq, rhs: Expr(VarRef { name: Identifier(\"west\"), data_type: None }) })"
- "pre_visit_conditional_expression: Binary { lhs: Expr(VarRef { name: Identifier(\"host\"), data_type: None }), op: Eq, rhs: Expr(VarRef { name: Identifier(\"west\"), data_type: None }) }"
- "pre_visit_conditional_expression: Expr(VarRef { name: Identifier(\"host\"), data_type: None })"
- "pre_visit_expr: VarRef { name: Identifier(\"host\"), data_type: None }"
- "post_visit_expr: VarRef { name: Identifier(\"host\"), data_type: None }"
- "post_visit_conditional_expression: Expr(VarRef { name: Identifier(\"host\"), data_type: None })"
- "pre_visit_conditional_expression: Expr(VarRef { name: Identifier(\"west\"), data_type: None })"
- "pre_visit_expr: VarRef { name: Identifier(\"west\"), data_type: None }"
- "post_visit_expr: VarRef { name: Identifier(\"west\"), data_type: None }"
- "post_visit_conditional_expression: Expr(VarRef { name: Identifier(\"west\"), data_type: None })"
- "post_visit_conditional_expression: Binary { lhs: Expr(VarRef { name: Identifier(\"host\"), data_type: None }), op: Eq, rhs: Expr(VarRef { name: Identifier(\"west\"), data_type: None }) }"
- "post_visit_where_clause: WhereClause(Binary { lhs: Expr(VarRef { name: Identifier(\"host\"), data_type: None }), op: Eq, rhs: Expr(VarRef { name: Identifier(\"west\"), data_type: None }) })"
- "pre_visit_limit_clause: LimitClause(5)"
- "post_visit_limit_clause: LimitClause(5)"
- "pre_visit_offset_clause: OffsetClause(10)"
- "post_visit_offset_clause: OffsetClause(10)"
- "post_visit_show_tag_keys_statement: ShowTagKeysStatement { database: Some(OnClause(Identifier(\"telegraf\"))), from: Some(OneOrMore { contents: [QualifiedMeasurementName { database: None, retention_policy: None, name: Name(Identifier(\"cpu\")) }] }), condition: Some(WhereClause(Binary { lhs: Expr(VarRef { name: Identifier(\"host\"), data_type: None }), op: Eq, rhs: Expr(VarRef { name: Identifier(\"west\"), data_type: None }) })), limit: Some(LimitClause(5)), offset: Some(OffsetClause(10)) }"
- "post_visit_statement: ShowTagKeys(ShowTagKeysStatement { database: Some(OnClause(Identifier(\"telegraf\"))), from: Some(OneOrMore { contents: [QualifiedMeasurementName { database: None, retention_policy: None, name: Name(Identifier(\"cpu\")) }] }), condition: Some(WhereClause(Binary { lhs: Expr(VarRef { name: Identifier(\"host\"), data_type: None }), op: Eq, rhs: Expr(VarRef { name: Identifier(\"west\"), data_type: None }) })), limit: Some(LimitClause(5)), offset: Some(OffsetClause(10)) })"

