---
source: influxdb_influxql_parser/src/visit.rs
expression: "visit_statement!(\"SHOW MEASUREMENTS ON * WITH MEASUREMENT =~ /foo/ WHERE host = 'west' LIMIT 10 OFFSET 20\")"
---
- pre_visit_statement
- pre_visit_show_measurements_statement
- pre_visit_extended_on_clause
- post_visit_extended_on_clause
- pre_visit_with_measurement_clause
- pre_visit_qualified_measurement_name
- pre_visit_measurement_name
- post_visit_measurement_name
- post_visit_qualified_measurement_name
- post_visit_with_measurement_clause
- pre_visit_where_clause
- pre_visit_conditional_expression
- pre_visit_conditional_binary
- pre_visit_conditional_expression
- pre_visit_expr
- pre_visit_var_ref
- post_visit_var_ref
- post_visit_expr
- post_visit_conditional_expression
- pre_visit_conditional_expression
- pre_visit_expr
- post_visit_expr
- post_visit_conditional_expression
- post_visit_conditional_binary
- post_visit_conditional_expression
- post_visit_where_clause
- pre_visit_limit_clause
- post_visit_limit_clause
- pre_visit_offset_clause
- post_visit_offset_clause
- post_visit_show_measurements_statement
- post_visit_statement

