---
source: influxdb_influxql_parser/src/visit_mut.rs
expression: "visit_statement!(\"SHOW MEASUREMENTS ON db.rp\")"
---
- pre_visit_statement
- pre_visit_show_measurements_statement
- pre_visit_extended_on_clause
- post_visit_extended_on_clause
- post_visit_show_measurements_statement
- post_visit_statement

