---
source: influxdb_influxql_parser/src/visit_mut.rs
expression: "visit_statement!(\"DROP MEASUREMENT cpu\")"
---
- pre_visit_statement
- pre_visit_drop_measurement_statement
- post_visit_drop_measurement_statement
- post_visit_statement

