---
source: influxdb_influxql_parser/src/visit.rs
expression: "visit_statement!(\"DROP MEASUREMENT cpu\")"
---
- "pre_visit_statement: DropMeasurement(DropMeasurementStatement { name: Identifier(\"cpu\") })"
- "pre_visit_drop_measurement_statement: DropMeasurementStatement { name: Identifier(\"cpu\") }"
- "post_visit_drop_measurement_statement: DropMeasurementStatement { name: Identifier(\"cpu\") }"
- "post_visit_statement: DropMeasurement(DropMeasurementStatement { name: Identifier(\"cpu\") })"

