---
source: influxdb_influxql_parser/src/visit.rs
expression: "visit_statement!(\"SHOW DATABASES\")"
---
- "pre_visit_statement: ShowDatabases(ShowDatabasesStatement)"
- "pre_visit_show_databases_statement: ShowDatabasesStatement"
- "post_visit_show_databases_statement: ShowDatabasesStatement"
- "post_visit_statement: ShowDatabases(ShowDatabasesStatement)"

