---
source: influxdb_influxql_parser/src/visit_mut.rs
expression: "visit_statement!(\"SHOW FIELD KEYS\")"
---
- pre_visit_statement
- pre_visit_show_field_keys_statement
- post_visit_show_field_keys_statement
- post_visit_statement

