---
source: influxdb_influxql_parser/src/visit.rs
expression: "visit_statement!(\"SHOW TAG VALUES WITH KEY IN (host, region)\")"
---
- pre_visit_statement
- pre_visit_show_tag_values_statement
- pre_visit_with_key_clause
- post_visit_with_key_clause
- post_visit_show_tag_values_statement
- post_visit_statement

