---
source: influxdb_influxql_parser/src/visit_mut.rs
expression: "visit_statement!(\"DELETE FROM cpu\")"
---
- pre_visit_statement
- pre_visit_delete_statement
- pre_visit_delete_from_clause
- pre_visit_measurement_name
- post_visit_measurement_name
- post_visit_delete_from_clause
- post_visit_delete_statement
- post_visit_statement

