---
source: influxdb_influxql_parser/src/expression/walk.rs
expression: "walk_expression(\"5 + 6 = 2 + 9\")"
---
0: Arithmetic(Literal(Integer(5)))
1: Arithmetic(Literal(Integer(6)))
2: Arithmetic(Binary { lhs: Literal(Integer(5)), op: Add, rhs: Literal(Integer(6)) })
3: Conditional(Expr(Binary { lhs: Literal(Integer(5)), op: Add, rhs: Literal(Integer(6)) }))
4: Arithmetic(Literal(Integer(2)))
5: Arithmetic(Literal(Integer(9)))
6: Arithmetic(Binary { lhs: Literal(Integer(2)), op: Add, rhs: Literal(Integer(9)) })
7: Conditional(Expr(Binary { lhs: Literal(Integer(2)), op: Add, rhs: Literal(Integer(9)) }))
8: Conditional(Binary { lhs: Expr(Binary { lhs: Literal(Integer(5)), op: Add, rhs: Literal(Integer(6)) }), op: Eq, rhs: Expr(Binary { lhs: Literal(Integer(2)), op: Add, rhs: Literal(Integer(9)) }) })
