---
source: influxdb_influxql_parser/src/expression/walk.rs
expression: "walk_expr(\"5 + 6\")"
---
0: Literal(Integer(5))
1: Literal(Integer(6))
2: Binary { lhs: Literal(Integer(5)), op: Add, rhs: Literal(Integer(6)) }
